address||16807
building|39|1
building|44|1
building|Gym|1
building|Hotel|1
building|Salon|1
building|Utility_Suubstation|1
building|amenity=fire_station;building=government|1
building|apartments|281
building|barn|2
building|burial_vault|23
building|canopy|1
building|carport|2
building|church|45
building|church;yes|1
building|civic|9
building|college|3
building|commercial|105
building|condominium|3
building|construction|22
building|detached|6
building|dormitory|32
building|garage|345
building|garages|1
building|government|5
building|greenhouse|14
building|hangar|2
building|hospital|11
building|hotel|9
building|house|2023
building|hut|1
building|industrial|6
building|library|1
building|manufacture|1
building|mosque|1
building|no|4
building|office|78
building|parking|12
building|part|1
building|public|20
building|residential|170
building|retail|68
building|roof|65
building|school|57
building|semidetached_house|4
building|service|3
building|shed|21
building|shelter|1
building|shop|1
building|stable|1
building|stadium|1
building|temple|1
building|terrace|217
building|train_station|14
building|undefined|1
building|university|156
building|warehouse|1
building|yes|157785
building_part|belltower|1
building_part|column|38
building_part|elevator|3
building_part|office|2
building_part|roof|6
building_part|steps|4
building_part|yes|377
door|yes|136
entrance|apartments|6
entrance|main|66
entrance|secondary|1
entrance|service|1
entrance|staircase|2
entrance|visitors|1
entrance|yes|99
office|Non-profit|1
office|accountant|7
office|administrative|1
office|architect|3
office|association|13
office|company|32
office|consulting|2
office|coworking|5
office|diplomatic|46
office|educational_institution|4
office|estate_agent|22
office|finance|1
office|financial|3
office|foundation|1
office|government|51
office|graphic_design|1
office|insurance|8
office|it|2
office|labour_union|1
office|lawyer|11
office|marketing|1
office|ngo|19
office|physician|1
office|political_party|1
office|real_estate|1
office|realtor|1
office|realty|1
office|research|1
office|security|1
office|tax_advisor|8
office|yes|29
