amenity|bench|5
amenity|parking|2
building|yes|1
historic|yes|5
leisure|slipway|2
man_made|pier|185
