amenity|Gym|1
amenity|Personal Training|1
amenity|alcohol|1
amenity|animal_boarding|2
amenity|arts_centre|25
amenity|atm|41
amenity|bank|265
amenity|bar|201
amenity|bbq|2
amenity|bench|537
amenity|bicycle_parking|217
amenity|bicycle_rental|316
amenity|bicycle_repair_station|21
amenity|biergarten|4
amenity|boat_rental|1
amenity|border_control|1
amenity|building|1
amenity|bureau_de_change|1
amenity|bus_station|9
amenity|cafe|342
amenity|car_rental|9
amenity|car_sharing|43
amenity|car_wash|5
amenity|catering|8
amenity|charging_station|9
amenity|check_cashing|5
amenity|childcare|3
amenity|cinema|14
amenity|clinic|31
amenity|clock|3
amenity|club|2
amenity|college|8
amenity|community_centre|21
amenity|compressed_air|7
amenity|conference_centre|1
amenity|convenience|6
amenity|courthouse|8
amenity|coworking|1
amenity|coworking_space|3
amenity|crypt|1
amenity|dentist|22
amenity|doctors|41
amenity|dojo|1
amenity|drinking_water|173
amenity|dry_cleaner|5
amenity|embassy|65
amenity|events_venue|1
amenity|fast_food|481
amenity|ferry_terminal|6
amenity|fire_station|39
amenity|first_aid|1
amenity|flower_planter|3
amenity|food_court|7
amenity|fountain|37
amenity|fuel|88
amenity|funeral_home|1
amenity|gallery|2
amenity|government|1
amenity|grave_yard|6
amenity|historic:theatre|1
amenity|hospital|13
amenity|hospital (historic)|5
amenity|ice_cream|19
amenity|ice_cream;cafe|1
amenity|internal_kindergarten|1
amenity|internet_cafe|1
amenity|kindergarten|173
amenity|library|53
amenity|marketplace|10
amenity|money_transfer|7
amenity|motorcycle_parking|3
amenity|nail_salon|4
amenity|nightclub|19
amenity|nursing_home|8
amenity|office|2
amenity|other|2
amenity|parking|6679
amenity|parking_entrance|41
amenity|parking_space|38
amenity|pharmacy|75
amenity|place_of_worship|609
amenity|planetarium|1
amenity|police|38
amenity|post_box|177
amenity|post_office|63
amenity|prep_school|2
amenity|pub|101
amenity|public_bookcase|14
amenity|public_building|11
amenity|recycling|33
amenity|refuge|1
amenity|restaurant|1036
amenity|school|506
amenity|school (historic)|1
amenity|shelter|7
amenity|social_club|1
amenity|social_facility|26
amenity|spa|1
amenity|stripclub|7
amenity|studio|7
amenity|tax_service|1
amenity|taxi|2
amenity|theatre|48
amenity|theatre (historic)|1
amenity|toilets|40
amenity|tourist|22
amenity|townhall|1
amenity|tutor|1
amenity|university|52
amenity|vending_machine|18
amenity|veterinary|9
amenity|waste_basket|180
amenity|waste_disposal|2
building|39|1
building|44|1
building|Gym|1
building|Hotel|1
building|Utility_Suubstation|1
building|amenity=fire_station;building=government|1
building|apartments|192
building|burial_vault|21
building|church|5
building|civic|2
building|college|3
building|commercial|35
building|condominium|3
building|construction|2
building|dormitory|28
building|garage|2
building|government|4
building|greenhouse|1
building|hospital|2
building|hotel|6
building|house|15
building|industrial|3
building|manufacture|1
building|no|2
building|office|48
building|public|17
building|residential|58
building|retail|4
building|roof|1
building|school|30
building|service|2
building|stable|1
building|temple|1
building|terrace|3
building|train_station|3
building|university|148
building|warehouse|1
building|yes|1412
historic|Compass|1
historic|archaeological_site|2
historic|boundary_stone|25
historic|building|3
historic|call_box|1
historic|heritage|1
historic|house|1
historic|manor|1
historic|memorial|58
historic|monument|28
historic|plaque|1
historic|statue|1
historic|tomb|4
historic|yes|10
landuse|cemetery|26
landuse|railway|2
landuse|village_green|3
leisure|bleachers|2
leisure|bowling_alley|1
leisure|carousel|1
leisure|dance|1
leisure|dog_park|12
leisure|events|1
leisure|fitness_centre|42
leisure|garden|197
leisure|golf_course|5
leisure|hackerspace|1
leisure|ice_rink|2
leisure|marina|11
leisure|miniature_golf|2
leisure|nature_reserve|2
leisure|outdoor_seating|5
leisure|park|990
leisure|picnic_table|44
leisure|pitch|448
leisure|playground|157
leisure|sauna|1
leisure|slipway|16
leisure|sports_centre|53
leisure|stadium|10
leisure|swimming_pool|54
leisure|tanning_salon|1
leisure|track|26
leisure|water_park|2
leisure|yes|1
man_made|chimney|8
man_made|communications_tower|1
man_made|flagpole|248
man_made|mast|2
man_made|pier|214
man_made|silo|10
man_made|survey_point|1
man_made|tower|42
man_made|works|1
natural|bay|3
natural|peak|16
shop|adult|1
shop|alcohol|204
shop|antiques|10
shop|appliance|1
shop|art|18
shop|art;paper|1
shop|auction|1
shop|auto|1
shop|baby_goods|1
shop|bag|4
shop|bakery|34
shop|beads|1
shop|beauty|64
shop|beauty_supply|1
shop|bed|4
shop|beverages|3
shop|bicycle|19
shop|bookmaker|8
shop|books|28
shop|boutique|2
shop|butcher|3
shop|camera|1
shop|car|3
shop|car_parts|3
shop|car_repair|22
shop|charity|1
shop|chemist|4
shop|chocolate|1
shop|clothes|170
shop|coffee|2
shop|computer|1
shop|confectionery|6
shop|convenience|247
shop|copyshop|25
shop|cosmetics|16
shop|courier|1
shop|craft|2
shop|deli|17
shop|department_store|21
shop|doityourself|15
shop|dollar_store|1
shop|dry_cleaner|2
shop|dry_cleaning|55
shop|electronics|8
shop|erotic|2
shop|estate_agent|1
shop|fashion_accessories|1
shop|floor|1
shop|florist|15
shop|food|1
shop|frame|5
shop|funeral_directors|7
shop|furniture|27
shop|garden_centre|2
shop|gift|39
shop|greengrocer|7
shop|grocery|1
shop|hairdresser|149
shop|handbag|1
shop|handbags|1
shop|hardware|6
shop|hat|1
shop|herbalist|1
shop|hippie|1
shop|hobby|1
shop|home|2
shop|houseware|4
shop|interior_decoration|5
shop|jewelry|17
shop|kiosk|1
shop|kitchen|2
shop|lamp|1
shop|laundry|16
shop|locksmith|1
shop|mall|4
shop|massage|2
shop|medical_supply|4
shop|mobile_phone|50
shop|money_lender|3
shop|money_transfer;clothes|1
shop|music|4
shop|nail|1
shop|nail_salon|2
shop|newsagent|2
shop|nutrition_supplements|5
shop|optician|24
shop|outdoor|2
shop|paint|4
shop|pawn|2
shop|perfumery|1
shop|pet|20
shop|pet_grooming|1
shop|photo|4
shop|printing|1
shop|publisher of Science, the scientific journal|1
shop|religion|2
shop|running|1
shop|seafood|5
shop|second_hand|9
shop|shoe_repair|2
shop|shoes|31
shop|specialty|1
shop|spices|1
shop|sports|6
shop|stationery|5
shop|storage_rental|2
shop|supermarket|88
shop|tailor|7
shop|tanning_salon|1
shop|tarot|1
shop|tattoo|9
shop|tea|1
shop|telecommunication|1
shop|ticket|3
shop|tobacco|8
shop|toys|3
shop|travel_agency|3
shop|tyres|3
shop|vacant|31
shop|vacuum_cleaner|1
shop|variety_store|6
shop|video|3
shop|video_games|1
shop|watches|1
shop|wholesale|1
shop|wig|1
shop|wine|2
shop|yes|11
tourism|apartment|3
tourism|artwork|284
tourism|attraction|132
tourism|gallery|7
tourism|guest_house|1
tourism|hostel|4
tourism|hotel|138
tourism|information|55
tourism|information;map|1
tourism|museum|27
tourism|picnic_site|39
tourism|sightseeing|1
tourism|tour_guide|1
tourism|viewpoint|15
tourism|yes|1
tourism|zoo|4
