amenity|animal_boarding|2
amenity|arts_centre|21
amenity|atm|41
amenity|bank|246
amenity|bar|194
amenity|bbq|2
amenity|bench|523
amenity|bicycle_parking|215
amenity|bicycle_rental|315
amenity|bicycle_repair_station|20
amenity|biergarten|3
amenity|border_control|1
amenity|building|1
amenity|bureau_de_change|1
amenity|bus_station|9
amenity|cafe|332
amenity|car_rental|8
amenity|car_sharing|43
amenity|car_wash|4
amenity|catering|8
amenity|charging_station|9
amenity|check_cashing|5
amenity|childcare|3
amenity|cinema|8
amenity|clinic|29
amenity|clock|3
amenity|club|2
amenity|college|2
amenity|community_centre|11
amenity|compressed_air|7
amenity|convenience|6
amenity|courthouse|4
amenity|coworking|1
amenity|coworking_space|2
amenity|crypt|1
amenity|dentist|20
amenity|doctors|37
amenity|dojo|1
amenity|drinking_water|173
amenity|dry_cleaner|5
amenity|embassy|21
amenity|events_venue|1
amenity|fast_food|439
amenity|ferry_terminal|6
amenity|fire_station|19
amenity|first_aid|1
amenity|flower_planter|3
amenity|food_court|7
amenity|fountain|28
amenity|fuel|53
amenity|gallery|2
amenity|government|1
amenity|grave_yard|6
amenity|historic:theatre|1
amenity|hospital|1
amenity|hospital (historic)|5
amenity|ice_cream|19
amenity|ice_cream;cafe|1
amenity|internal_kindergarten|1
amenity|internet_cafe|1
amenity|kindergarten|161
amenity|library|23
amenity|marketplace|6
amenity|money_transfer|7
amenity|motorcycle_parking|3
amenity|nail_salon|4
amenity|nightclub|16
amenity|nursing_home|7
amenity|office|1
amenity|other|2
amenity|parking|122
amenity|parking_entrance|40
amenity|pharmacy|68
amenity|place_of_worship|376
amenity|police|25
amenity|post_box|177
amenity|post_office|55
amenity|prep_school|2
amenity|pub|97
amenity|public_bookcase|14
amenity|public_building|11
amenity|recycling|33
amenity|refuge|1
amenity|restaurant|962
amenity|school|358
amenity|school (historic)|1
amenity|shelter|3
amenity|social_club|1
amenity|social_facility|22
amenity|spa|1
amenity|stripclub|6
amenity|studio|7
amenity|tax_service|1
amenity|taxi|2
amenity|theatre|33
amenity|theatre (historic)|1
amenity|toilets|29
amenity|tourist|22
amenity|tutor|1
amenity|university|9
amenity|vending_machine|18
amenity|veterinary|7
amenity|waste_basket|180
amenity|waste_disposal|1
building|apartments|20
building|church|1
building|commercial|1
building|office|3
building|public|11
building|residential|2
building|retail|1
building|university|1
building|yes|469
historic|Compass|1
historic|boundary_stone|25
historic|building|3
historic|call_box|1
historic|heritage|1
historic|manor|1
historic|memorial|51
historic|monument|19
historic|plaque|1
historic|statue|1
historic|tomb|4
historic|yes|5
landuse|cemetery|2
leisure|bowling_alley|1
leisure|carousel|1
leisure|dance|1
leisure|dog_park|2
leisure|fitness_centre|41
leisure|garden|15
leisure|golf_course|1
leisure|hackerspace|1
leisure|ice_rink|1
leisure|marina|1
leisure|park|126
leisure|picnic_table|41
leisure|playground|35
leisure|sauna|1
leisure|slipway|14
leisure|sports_centre|45
leisure|swimming_pool|6
leisure|tanning_salon|1
man_made|chimney|2
man_made|communications_tower|1
man_made|flagpole|248
man_made|mast|2
man_made|pier|1
man_made|silo|10
man_made|survey_point|1
man_made|tower|42
man_made|works|1
natural|bay|3
natural|peak|16
shop|adult|1
shop|alcohol|189
shop|antiques|10
shop|appliance|1
shop|art|17
shop|auction|1
shop|auto|1
shop|baby_goods|1
shop|bag|4
shop|bakery|31
shop|beads|1
shop|beauty|57
shop|beauty_supply|1
shop|bed|4
shop|beverages|3
shop|bicycle|18
shop|bookmaker|8
shop|books|27
shop|boutique|2
shop|butcher|3
shop|camera|1
shop|car|2
shop|car_repair|20
shop|charity|1
shop|chemist|2
shop|chocolate|1
shop|clothes|162
shop|coffee|2
shop|computer|1
shop|confectionery|6
shop|convenience|212
shop|copyshop|24
shop|cosmetics|14
shop|courier|1
shop|craft|2
shop|deli|16
shop|department_store|16
shop|doityourself|13
shop|dollar_store|1
shop|dry_cleaner|2
shop|dry_cleaning|52
shop|electronics|7
shop|erotic|2
shop|estate_agent|1
shop|fashion_accessories|1
shop|floor|1
shop|florist|14
shop|food|1
shop|frame|3
shop|funeral_directors|3
shop|furniture|27
shop|garden_centre|1
shop|gift|34
shop|greengrocer|6
shop|grocery|1
shop|hairdresser|139
shop|handbag|1
shop|handbags|1
shop|hardware|6
shop|hat|1
shop|herbalist|1
shop|hippie|1
shop|hobby|1
shop|home|2
shop|houseware|4
shop|interior_decoration|3
shop|jewelry|17
shop|kiosk|1
shop|kitchen|2
shop|lamp|1
shop|laundry|12
shop|locksmith|1
shop|mall|2
shop|massage|2
shop|medical_supply|4
shop|mobile_phone|49
shop|money_lender|3
shop|money_transfer;clothes|1
shop|music|4
shop|nail|1
shop|nail_salon|2
shop|newsagent|2
shop|nutrition_supplements|5
shop|optician|24
shop|outdoor|2
shop|paint|3
shop|pawn|2
shop|perfumery|1
shop|pet|19
shop|pet_grooming|1
shop|photo|4
shop|printing|1
shop|publisher of Science, the scientific journal|1
shop|religion|1
shop|running|1
shop|seafood|1
shop|second_hand|9
shop|shoe_repair|2
shop|shoes|29
shop|specialty|1
shop|spices|1
shop|sports|4
shop|stationery|5
shop|storage_rental|2
shop|supermarket|73
shop|tailor|7
shop|tanning_salon|1
shop|tarot|1
shop|tattoo|9
shop|tea|1
shop|telecommunication|1
shop|ticket|2
shop|tobacco|6
shop|toys|3
shop|travel_agency|3
shop|tyres|2
shop|vacant|31
shop|vacuum_cleaner|1
shop|variety_store|3
shop|video|3
shop|video_games|1
shop|watches|1
shop|wig|1
shop|wine|2
shop|yes|10
tourism|apartment|3
tourism|artwork|266
tourism|attraction|91
tourism|gallery|7
tourism|guest_house|1
tourism|hostel|4
tourism|hotel|136
tourism|information|53
tourism|information;map|1
tourism|museum|27
tourism|picnic_site|33
tourism|sightseeing|1
tourism|tour_guide|1
tourism|viewpoint|15
tourism|zoo|1
