amenity|cafe|342
amenity|car_rental|9
amenity|pharmacy|76
amenity|pub|102
amenity|vending_machine|18
shop|adult|1
shop|alcohol|204
shop|antiques|10
shop|appliance|1
shop|art|18
shop|art;paper|1
shop|auction|1
shop|auto|1
shop|baby_goods|1
shop|bag|4
shop|bakery|34
shop|beads|1
shop|beauty|64
shop|beauty_supply|1
shop|bed|4
shop|beverages|3
shop|bicycle|19
shop|bookmaker|8
shop|books|28
shop|boutique|2
shop|butcher|3
shop|camera|1
shop|car|6
shop|car_parts|3
shop|car_repair|27
shop|charity|1
shop|chemist|4
shop|chocolate|1
shop|clothes|170
shop|coffee|2
shop|computer|1
shop|confectionery|6
shop|convenience|247
shop|copyshop|25
shop|cosmetics|16
shop|courier|1
shop|craft|2
shop|deli|17
shop|department_store|22
shop|doityourself|15
shop|dollar_store|1
shop|dry_cleaner|2
shop|dry_cleaning|56
shop|electronics|8
shop|erotic|2
shop|estate_agent|1
shop|fashion_accessories|1
shop|floor|1
shop|florist|15
shop|food|1
shop|frame|5
shop|funeral_directors|7
shop|furniture|27
shop|garden_centre|2
shop|gift|39
shop|greengrocer|7
shop|grocery|1
shop|hairdresser|149
shop|handbag|1
shop|handbags|1
shop|hardware|6
shop|hat|1
shop|herbalist|1
shop|hippie|1
shop|hobby|1
shop|home|2
shop|houseware|4
shop|interior_decoration|5
shop|jewelry|17
shop|kiosk|1
shop|kitchen|2
shop|lamp|1
shop|laundry|17
shop|locksmith|1
shop|mall|5
shop|massage|2
shop|medical_supply|4
shop|mobile_phone|50
shop|money_lender|3
shop|money_transfer;clothes|1
shop|music|4
shop|nail|1
shop|nail_salon|2
shop|newsagent|2
shop|nutrition_supplements|5
shop|optician|24
shop|outdoor|2
shop|paint|4
shop|pawn|2
shop|perfumery|1
shop|pet|20
shop|pet_grooming|1
shop|photo|4
shop|printing|1
shop|publisher of Science, the scientific journal|1
shop|religion|2
shop|running|1
shop|seafood|6
shop|second_hand|9
shop|shoe_repair|2
shop|shoes|31
shop|specialty|1
shop|spices|1
shop|sports|6
shop|stationery|5
shop|storage_rental|2
shop|supermarket|88
shop|tailor|7
shop|tanning_salon|1
shop|tarot|1
shop|tattoo|9
shop|tea|1
shop|telecommunication|1
shop|ticket|3
shop|tobacco|8
shop|toys|3
shop|travel_agency|3
shop|tyres|3
shop|vacant|39
shop|vacuum_cleaner|1
shop|variety_store|6
shop|video|3
shop|video_games|1
shop|watches|1
shop|wholesale|1
shop|wig|1
shop|wine|2
shop|yes|11
